 running on   16 nodes
 distr:  one band on    4 nodes,    4 groups
 vasp.5.2.11 18Jan11 complex 
 POSCAR found type information on POSCAR  Al Mg
 POSCAR found :  2 types and     107 ions
 scaLAPACK will be used
 WARNING: type information on POSCAR and POTCAR are incompatible
 POTCAR overwrites the type information in POSCAR
 typ   2 type information:  Mg Cu
 LDA part: xc-table for Pade appr. of Perdew
 POSCAR, INCAR and KPOINTS ok, starting setup
 FFT: planning ...(           1 )
 WAVECAR not read
 entering main loop
       N       E                     dE             d eps       ncg     rms          rms(c)
DAV:   1     0.905263594483E+04    0.90526E+04   -0.31861E+05124416   0.143E+03
DAV:   2     0.131386178774E+04   -0.77388E+04   -0.70690E+04124416   0.318E+02
DAV:   3     0.261984663883E+02   -0.12877E+04   -0.11363E+04126096   0.140E+02
DAV:   4    -0.516382850664E+02   -0.77837E+02   -0.76181E+02134416   0.423E+01
DAV:   5    -0.522512508407E+02   -0.61297E+00   -0.61218E+00134488   0.402E+00    0.286E+02
DAV:   6     0.519967065230E+03    0.57222E+03   -0.20920E+03148136   0.133E+02    0.114E+02
DAV:   7     0.212846990083E+03   -0.30712E+03   -0.11214E+03150672   0.885E+01    0.635E+01
DAV:   8    -0.275916522182E+03   -0.48876E+03   -0.15172E+02152392   0.413E+01    0.581E+01
DAV:   9    -0.313696650813E+03   -0.37780E+02   -0.67615E+01151324   0.417E+01    0.404E+01
DAV:  10    -0.460199260160E+03   -0.14650E+03   -0.37959E+02146072   0.632E+01    0.601E+01
DAV:  11    -0.409246917702E+03    0.50952E+02   -0.76272E+01150652   0.352E+01    0.268E+01
DAV:  12    -0.398798404887E+03    0.10449E+02   -0.29054E+01155656   0.142E+01    0.913E+00
DAV:  13    -0.397583170284E+03    0.12152E+01   -0.39857E+00152528   0.751E+00    0.288E+00
DAV:  14    -0.397625693736E+03   -0.42523E-01   -0.22620E+00150760   0.514E+00    0.229E+00
DAV:  15    -0.397596498691E+03    0.29195E-01   -0.44572E-01131204   0.232E+00    0.958E-01
DAV:  16    -0.397587033397E+03    0.94653E-02   -0.68883E-02139472   0.145E+00    0.493E-01
DAV:  17    -0.397586383679E+03    0.64972E-03   -0.25030E-02147076   0.725E-01    0.253E-01
DAV:  18    -0.397587055970E+03   -0.67229E-03   -0.97777E-03131760   0.312E-01    0.216E-01
DAV:  19    -0.397586705604E+03    0.35037E-03   -0.27568E-03136916   0.270E-01    0.144E-01
DAV:  20    -0.397586406398E+03    0.29921E-03   -0.65865E-04133888   0.133E-01    0.351E-02
DAV:  21    -0.397586436883E+03   -0.30485E-04   -0.33942E-04100016   0.675E-02
   1 F= -.39758644E+03 E0= -.39758644E+03  d E =0.000000E+00  mag=     0.0108
