 running on   16 nodes
 distr:  one band on    4 nodes,    4 groups
 vasp.5.2.11 18Jan11 complex 
 POSCAR found type information on POSCAR  Al Mg
 POSCAR found :  2 types and     107 ions
 scaLAPACK will be used
 WARNING: type information on POSCAR and POTCAR are incompatible
 POTCAR overwrites the type information in POSCAR
 typ   2 type information:  Mg Cu
 LDA part: xc-table for Pade appr. of Perdew
 POSCAR, INCAR and KPOINTS ok, starting setup
 FFT: planning ...(           1 )
 WAVECAR not read
 WARNING: random wavefunctions but no delay for mixing, default for NELMDL
 entering main loop
       N       E                     dE             d eps       ncg     rms          rms(c)
DAV:   1     0.905259348620E+04    0.90526E+04   -0.31876E+05124416   0.143E+03
DAV:   2     0.131379709883E+04   -0.77388E+04   -0.70692E+04124416   0.318E+02
DAV:   3     0.261727978729E+02   -0.12876E+04   -0.11363E+04126104   0.140E+02
DAV:   4    -0.516565751015E+02   -0.77829E+02   -0.76173E+02134520   0.423E+01
DAV:   5    -0.522694087363E+02   -0.61283E+00   -0.61206E+00134528   0.402E+00    0.286E+02
DAV:   6     0.519859154649E+03    0.57213E+03   -0.20918E+03148120   0.133E+02    0.114E+02
DAV:   7     0.212794019205E+03   -0.30707E+03   -0.11214E+03150704   0.885E+01    0.635E+01
DAV:   8    -0.276006932450E+03   -0.48880E+03   -0.15171E+02152404   0.413E+01    0.581E+01
DAV:   9    -0.313708105259E+03   -0.37701E+02   -0.67611E+01151344   0.417E+01    0.404E+01
DAV:  10    -0.460253531412E+03   -0.14655E+03   -0.37987E+02146160   0.632E+01    0.601E+01
DAV:  11    -0.409246895630E+03    0.51007E+02   -0.76336E+01150704   0.352E+01    0.268E+01
DAV:  12    -0.398794731435E+03    0.10452E+02   -0.29100E+01155616   0.143E+01    0.912E+00
DAV:  13    -0.397584092441E+03    0.12106E+01   -0.39793E+00152524   0.750E+00    0.288E+00
DAV:  14    -0.397626854342E+03   -0.42762E-01   -0.22567E+00150752   0.514E+00    0.229E+00
DAV:  15    -0.397597561018E+03    0.29293E-01   -0.44565E-01131180   0.232E+00    0.960E-01
DAV:  16    -0.397588027962E+03    0.95331E-02   -0.69153E-02139496   0.145E+00    0.494E-01
DAV:  17    -0.397587388164E+03    0.63980E-03   -0.25252E-02147140   0.727E-01    0.254E-01
DAV:  18    -0.397588054691E+03   -0.66653E-03   -0.98219E-03131744   0.312E-01    0.217E-01
DAV:  19    -0.397587687305E+03    0.36739E-03   -0.27536E-03136956   0.270E-01    0.143E-01
DAV:  20    -0.397587396790E+03    0.29051E-03   -0.65086E-04133792   0.133E-01    0.350E-02
DAV:  21    -0.397587424569E+03   -0.27779E-04   -0.35392E-04101080   0.647E-02
   1 F= -.39758742E+03 E0= -.39758742E+03  d E =0.000000E+00  mag=     0.0082
