 running on   16 nodes
 distr:  one band on    4 nodes,    4 groups
 vasp.5.2.11 18Jan11 complex 
 POSCAR found type information on POSCAR  Al Mg
 POSCAR found :  2 types and     107 ions
 scaLAPACK will be used
 WARNING: type information on POSCAR and POTCAR are incompatible
 POTCAR overwrites the type information in POSCAR
 typ   2 type information:  Mg Cu
 LDA part: xc-table for Pade appr. of Perdew
 POSCAR, INCAR and KPOINTS ok, starting setup
 FFT: planning ...(           1 )
 WAVECAR not read
 WARNING: random wavefunctions but no delay for mixing, default for NELMDL
 entering main loop
       N       E                     dE             d eps       ncg     rms          rms(c)
DAV:   1     0.905447081782E+04    0.90545E+04   -0.31876E+05124416   0.143E+03
DAV:   2     0.131415375977E+04   -0.77403E+04   -0.70696E+04124416   0.318E+02
DAV:   3     0.266966989022E+02   -0.12875E+04   -0.11362E+04126072   0.140E+02
DAV:   4    -0.511637144767E+02   -0.77860E+02   -0.76191E+02134272   0.423E+01
DAV:   5    -0.517791436084E+02   -0.61543E+00   -0.61474E+00134512   0.402E+00    0.286E+02
DAV:   6     0.519429904104E+03    0.57121E+03   -0.20897E+03148072   0.132E+02    0.114E+02
DAV:   7     0.210414243416E+03   -0.30902E+03   -0.11263E+03150744   0.884E+01    0.636E+01
DAV:   8    -0.277932792178E+03   -0.48835E+03   -0.15235E+02152764   0.410E+01    0.582E+01
DAV:   9    -0.314339290442E+03   -0.36406E+02   -0.67056E+01152356   0.426E+01    0.401E+01
DAV:  10    -0.460227035741E+03   -0.14589E+03   -0.37421E+02145648   0.623E+01    0.599E+01
DAV:  11    -0.409441017032E+03    0.50786E+02   -0.76270E+01150980   0.347E+01    0.268E+01
DAV:  12    -0.399360576190E+03    0.10080E+02   -0.25612E+01155976   0.135E+01    0.106E+01
DAV:  13    -0.397648622887E+03    0.17120E+01   -0.45182E+00152332   0.796E+00    0.340E+00
DAV:  14    -0.397690730287E+03   -0.42107E-01   -0.30849E+00151336   0.556E+00    0.252E+00
DAV:  15    -0.397639376923E+03    0.51353E-01   -0.51264E-01131496   0.241E+00    0.859E-01
DAV:  16    -0.397633883547E+03    0.54934E-02   -0.66468E-02138080   0.140E+00    0.502E-01
DAV:  17    -0.397632613090E+03    0.12705E-02   -0.24585E-02143432   0.778E-01    0.216E-01
DAV:  18    -0.397634008740E+03   -0.13957E-02   -0.11541E-02131360   0.277E-01    0.230E-01
DAV:  19    -0.397633441940E+03    0.56680E-03   -0.20945E-03136576   0.241E-01    0.138E-01
DAV:  20    -0.397633182751E+03    0.25919E-03   -0.80570E-04130368   0.145E-01    0.367E-02
DAV:  21    -0.397633225873E+03   -0.43122E-04   -0.50281E-04109208   0.674E-02
   1 F= -.39763323E+03 E0= -.39763323E+03  d E =0.000000E+00  mag=    -0.0001
