Conflicting CPU frequency values detected: 2601.000000 != 1200.000000. Using: 2601.000000
Test integrity may be harmed !
Conflicting CPU frequency values detected: 2601.000000 != 1200.000000. Using: 2601.000000
Test integrity may be harmed !
Conflicting CPU frequency values detected: 2601.000000 != 1200.000000. Using: 2601.000000
Test integrity may be harmed !
Conflicting CPU frequency values detected: 2601.000000 != 1200.000000. Using: 2601.000000
Test integrity may be harmed !
Conflicting CPU frequency values detected: 2601.000000 != 1200.000000. Using: 2601.000000
Test integrity may be harmed !
Conflicting CPU frequency values detected: 2601.000000 != 1200.000000. Using: 2601.000000
Test integrity may be harmed !
Conflicting CPU frequency values detected: 2601.000000 != 1200.000000. Using: 2601.000000
Test integrity may be harmed !
Conflicting CPU frequency values detected: 2601.000000 != 1200.000000. Using: 2601.000000
Test integrity may be harmed !
Conflicting CPU frequency values detected: 2601.000000 != 1200.000000. Using: 2601.000000
Test integrity may be harmed !
Conflicting CPU frequency values detected: 2601.000000 != 1200.000000. Using: 2601.000000
Test integrity may be harmed !
Conflicting CPU frequency values detected: 2601.000000 != 1200.000000. Using: 2601.000000
Test integrity may be harmed !
Conflicting CPU frequency values detected: 2601.000000 != 1200.000000. Using: 2601.000000
Test integrity may be harmed !
Conflicting CPU frequency values detected: 2601.000000 != 1200.000000. Using: 2601.000000
Test integrity may be harmed !
Conflicting CPU frequency values detected: 2601.000000 != 1200.000000. Using: 2601.000000
Test integrity may be harmed !
Conflicting CPU frequency values detected: 2601.000000 != 1200.000000. Using: 2601.000000
Test integrity may be harmed !
Conflicting CPU frequency values detected: 1200.000000 != 2601.000000. Using: 2601.000000
Test integrity may be harmed !
Conflicting CPU frequency values detected: 2601.000000 != 1200.000000. Using: 2601.000000
Test integrity may be harmed !
Conflicting CPU frequency values detected: 2601.000000 != 1200.000000. Using: 2601.000000
Test integrity may be harmed !
Conflicting CPU frequency values detected: 2601.000000 != 1200.000000. Using: 2601.000000
Test integrity may be harmed !
Conflicting CPU frequency values detected: 2601.000000 != 1200.000000. Using: 2601.000000
Test integrity may be harmed !
Conflicting CPU frequency values detected: 2601.000000 != 1200.000000. Using: 2601.000000
Test integrity may be harmed !
Conflicting CPU frequency values detected: 2601.000000 != 1200.000000. Using: 2601.000000
Test integrity may be harmed !
Conflicting CPU frequency values detected: 2601.000000 != 1200.000000. Using: 2601.000000
Test integrity may be harmed !
Conflicting CPU frequency values detected: 2601.000000 != 1200.000000. Using: 2601.000000
Test integrity may be harmed !
Conflicting CPU frequency values detected: 2601.000000 != 1200.000000. Using: 2601.000000
Test integrity may be harmed !
Conflicting CPU frequency values detected: 2601.000000 != 1200.000000. Using: 2601.000000
Test integrity may be harmed !
Conflicting CPU frequency values detected: 2601.000000 != 1200.000000. Using: 2601.000000
Test integrity may be harmed !
Conflicting CPU frequency values detected: 1200.000000 != 2601.000000. Using: 2601.000000
Test integrity may be harmed !
Conflicting CPU frequency values detected: 2601.000000 != 1200.000000. Using: 2601.000000
Test integrity may be harmed !
Conflicting CPU frequency values detected: 2601.000000 != 1200.000000. Using: 2601.000000
Test integrity may be harmed !
Conflicting CPU frequency values detected: 2601.000000 != 1200.000000. Using: 2601.000000
Test integrity may be harmed !
Conflicting CPU frequency values detected: 2601.000000 != 1200.000000. Using: 2601.000000
Test integrity may be harmed !
Conflicting CPU frequency values detected: 2601.000000 != 1200.000000. Using: 2601.000000
Test integrity may be harmed !
Conflicting CPU frequency values detected: 2601.000000 != 1200.000000. Using: 2601.000000
Test integrity may be harmed !
Conflicting CPU frequency values detected: 2601.000000 != 1200.000000. Using: 2601.000000
Test integrity may be harmed !
Conflicting CPU frequency values detected: 2601.000000 != 1200.000000. Using: 2601.000000
Test integrity may be harmed !
Conflicting CPU frequency values detected: 2601.000000 != 1200.000000. Using: 2601.000000
Test integrity may be harmed !
Conflicting CPU frequency values detected: 2601.000000 != 1200.000000. Using: 2601.000000
Test integrity may be harmed !
Conflicting CPU frequency values detected: 2601.000000 != 1200.000000. Using: 2601.000000
Test integrity may be harmed !
Conflicting CPU frequency values detected: 1200.000000 != 2601.000000. Using: 2601.000000
Test integrity may be harmed !
Conflicting CPU frequency values detected: 2601.000000 != 1200.000000. Using: 2601.000000
Test integrity may be harmed !
Conflicting CPU frequency values detected: 2601.000000 != 1200.000000. Using: 2601.000000
Test integrity may be harmed !
Conflicting CPU frequency values detected: 2601.000000 != 1200.000000. Using: 2601.000000
Test integrity may be harmed !
Conflicting CPU frequency values detected: 2601.000000 != 1200.000000. Using: 2601.000000
Test integrity may be harmed !
Conflicting CPU frequency values detected: 2601.000000 != 1200.000000. Using: 2601.000000
Test integrity may be harmed !
Conflicting CPU frequency values detected: 2601.000000 != 1200.000000. Using: 2601.000000
Test integrity may be harmed !
Conflicting CPU frequency values detected: 2601.000000 != 1200.000000. Using: 2601.000000
Test integrity may be harmed !
Conflicting CPU frequency values detected: 2601.000000 != 1200.000000. Using: 2601.000000
Test integrity may be harmed !
Conflicting CPU frequency values detected: 2601.000000 != 1200.000000. Using: 2601.000000
Test integrity may be harmed !
Conflicting CPU frequency values detected: 2601.000000 != 1200.000000. Using: 2601.000000
Test integrity may be harmed !
Conflicting CPU frequency values detected: 2601.000000 != 1200.000000. Using: 2601.000000
Test integrity may be harmed !
Conflicting CPU frequency values detected: 1200.000000 != 2601.000000. Using: 2601.000000
Test integrity may be harmed !
Conflicting CPU frequency values detected: 2601.000000 != 1200.000000. Using: 2601.000000
Test integrity may be harmed !
Conflicting CPU frequency values detected: 2601.000000 != 1200.000000. Using: 2601.000000
Test integrity may be harmed !
Conflicting CPU frequency values detected: 2601.000000 != 1200.000000. Using: 2601.000000
Test integrity may be harmed !
Conflicting CPU frequency values detected: 2601.000000 != 1200.000000. Using: 2601.000000
Test integrity may be harmed !
Conflicting CPU frequency values detected: 2601.000000 != 1200.000000. Using: 2601.000000
Test integrity may be harmed !
Conflicting CPU frequency values detected: 2601.000000 != 1200.000000. Using: 2601.000000
Test integrity may be harmed !
Conflicting CPU frequency values detected: 2601.000000 != 1200.000000. Using: 2601.000000
Test integrity may be harmed !
Conflicting CPU frequency values detected: 2601.000000 != 1200.000000. Using: 2601.000000
Test integrity may be harmed !
Conflicting CPU frequency values detected: 1200.000000 != 2601.000000. Using: 2601.000000
Test integrity may be harmed !
Conflicting CPU frequency values detected: 2601.000000 != 1200.000000. Using: 2601.000000
Test integrity may be harmed !
Conflicting CPU frequency values detected: 2601.000000 != 1200.000000. Using: 2601.000000
Test integrity may be harmed !
Conflicting CPU frequency values detected: 2601.000000 != 1200.000000. Using: 2601.000000
Test integrity may be harmed !
Conflicting CPU frequency values detected: 2601.000000 != 1200.000000. Using: 2601.000000
Test integrity may be harmed !
Conflicting CPU frequency values detected: 2601.000000 != 1200.000000. Using: 2601.000000
Test integrity may be harmed !
Conflicting CPU frequency values detected: 2601.000000 != 1200.000000. Using: 2601.000000
Test integrity may be harmed !
Conflicting CPU frequency values detected: 2601.000000 != 1200.000000. Using: 2601.000000
Test integrity may be harmed !
Conflicting CPU frequency values detected: 2601.000000 != 1200.000000. Using: 2601.000000
Test integrity may be harmed !
Conflicting CPU frequency values detected: 1200.000000 != 2601.000000. Using: 2601.000000
Test integrity may be harmed !
Conflicting CPU frequency values detected: 2601.000000 != 1200.000000. Using: 2601.000000
Test integrity may be harmed !
Conflicting CPU frequency values detected: 2601.000000 != 1200.000000. Using: 2601.000000
Test integrity may be harmed !
Conflicting CPU frequency values detected: 2601.000000 != 1200.000000. Using: 2601.000000
Test integrity may be harmed !
Conflicting CPU frequency values detected: 2601.000000 != 1200.000000. Using: 2601.000000
Test integrity may be harmed !
Conflicting CPU frequency values detected: 2601.000000 != 1200.000000. Using: 2601.000000
Test integrity may be harmed !
Conflicting CPU frequency values detected: 2601.000000 != 1200.000000. Using: 2601.000000
Test integrity may be harmed !
Conflicting CPU frequency values detected: 2601.000000 != 1200.000000. Using: 2601.000000
Test integrity may be harmed !
Conflicting CPU frequency values detected: 2601.000000 != 1200.000000. Using: 2601.000000
Test integrity may be harmed !
Conflicting CPU frequency values detected: 2601.000000 != 1200.000000. Using: 2601.000000
Test integrity may be harmed !
Conflicting CPU frequency values detected: 1200.000000 != 2601.000000. Using: 2601.000000
Test integrity may be harmed !
Conflicting CPU frequency values detected: 2601.000000 != 1200.000000. Using: 2601.000000
Test integrity may be harmed !
Conflicting CPU frequency values detected: 2601.000000 != 1200.000000. Using: 2601.000000
Test integrity may be harmed !
Conflicting CPU frequency values detected: 2601.000000 != 1200.000000. Using: 2601.000000
Test integrity may be harmed !
Conflicting CPU frequency values detected: 2601.000000 != 1200.000000. Using: 2601.000000
Test integrity may be harmed !
Conflicting CPU frequency values detected: 2601.000000 != 1200.000000. Using: 2601.000000
Test integrity may be harmed !
Conflicting CPU frequency values detected: 2601.000000 != 1200.000000. Using: 2601.000000
Test integrity may be harmed !
Conflicting CPU frequency values detected: 2601.000000 != 1200.000000. Using: 2601.000000
Test integrity may be harmed !
Conflicting CPU frequency values detected: 2601.000000 != 1200.000000. Using: 2601.000000
Test integrity may be harmed !
Conflicting CPU frequency values detected: 2601.000000 != 1200.000000. Using: 2601.000000
Test integrity may be harmed !
Conflicting CPU frequency values detected: 2601.000000 != 1200.000000. Using: 2601.000000
Test integrity may be harmed !
Conflicting CPU frequency values detected: 2601.000000 != 1200.000000. Using: 2601.000000
Test integrity may be harmed !
Conflicting CPU frequency values detected: 1200.000000 != 2601.000000. Using: 2601.000000
Test integrity may be harmed !
Conflicting CPU frequency values detected: 2601.000000 != 1200.000000. Using: 2601.000000
Test integrity may be harmed !
Conflicting CPU frequency values detected: 2601.000000 != 1200.000000. Using: 2601.000000
Test integrity may be harmed !
Conflicting CPU frequency values detected: 2601.000000 != 1200.000000. Using: 2601.000000
Test integrity may be harmed !
Conflicting CPU frequency values detected: 2601.000000 != 1200.000000. Using: 2601.000000
Test integrity may be harmed !
Conflicting CPU frequency values detected: 2601.000000 != 1200.000000. Using: 2601.000000
Test integrity may be harmed !
Conflicting CPU frequency values detected: 2601.000000 != 1200.000000. Using: 2601.000000
Test integrity may be harmed !
Conflicting CPU frequency values detected: 2601.000000 != 1200.000000. Using: 2601.000000
Test integrity may be harmed !
Conflicting CPU frequency values detected: 2601.000000 != 1200.000000. Using: 2601.000000
Test integrity may be harmed !
Conflicting CPU frequency values detected: 2601.000000 != 1200.000000. Using: 2601.000000
Test integrity may be harmed !
Conflicting CPU frequency values detected: 2601.000000 != 1200.000000. Using: 2601.000000
Test integrity may be harmed !
Conflicting CPU frequency values detected: 2601.000000 != 1200.000000. Using: 2601.000000
Test integrity may be harmed !
Conflicting CPU frequency values detected: 1200.000000 != 2601.000000. Using: 2601.000000
Test integrity may be harmed !
Conflicting CPU frequency values detected: 2601.000000 != 1200.000000. Using: 2601.000000
Test integrity may be harmed !
Conflicting CPU frequency values detected: 2601.000000 != 1200.000000. Using: 2601.000000
Test integrity may be harmed !
Conflicting CPU frequency values detected: 2601.000000 != 1200.000000. Using: 2601.000000
Test integrity may be harmed !
Conflicting CPU frequency values detected: 2601.000000 != 1200.000000. Using: 2601.000000
Test integrity may be harmed !
Conflicting CPU frequency values detected: 2601.000000 != 1200.000000. Using: 2601.000000
Test integrity may be harmed !
Conflicting CPU frequency values detected: 2601.000000 != 1200.000000. Using: 2601.000000
Test integrity may be harmed !
Conflicting CPU frequency values detected: 2601.000000 != 1200.000000. Using: 2601.000000
Test integrity may be harmed !
Conflicting CPU frequency values detected: 2601.000000 != 1200.000000. Using: 2601.000000
Test integrity may be harmed !
Conflicting CPU frequency values detected: 2601.000000 != 1200.000000. Using: 2601.000000
Test integrity may be harmed !
Conflicting CPU frequency values detected: 2601.000000 != 1200.000000. Using: 2601.000000
Test integrity may be harmed !
Conflicting CPU frequency values detected: 2601.000000 != 1200.000000. Using: 2601.000000
Test integrity may be harmed !
Conflicting CPU frequency values detected: 1200.000000 != 2601.000000. Using: 2601.000000
Test integrity may be harmed !
Conflicting CPU frequency values detected: 2601.000000 != 1200.000000. Using: 2601.000000
Test integrity may be harmed !
Conflicting CPU frequency values detected: 2601.000000 != 1200.000000. Using: 2601.000000
Test integrity may be harmed !
Conflicting CPU frequency values detected: 2601.000000 != 1200.000000. Using: 2601.000000
Test integrity may be harmed !
Conflicting CPU frequency values detected: 2601.000000 != 1200.000000. Using: 2601.000000
Test integrity may be harmed !
Conflicting CPU frequency values detected: 2601.000000 != 1200.000000. Using: 2601.000000
Test integrity may be harmed !
Conflicting CPU frequency values detected: 2601.000000 != 1200.000000. Using: 2601.000000
Test integrity may be harmed !
Conflicting CPU frequency values detected: 2601.000000 != 1200.000000. Using: 2601.000000
Test integrity may be harmed !
Conflicting CPU frequency values detected: 2601.000000 != 1200.000000. Using: 2601.000000
Test integrity may be harmed !
Conflicting CPU frequency values detected: 2601.000000 != 1200.000000. Using: 2601.000000
Test integrity may be harmed !
Conflicting CPU frequency values detected: 2601.000000 != 1200.000000. Using: 2601.000000
Test integrity may be harmed !
Conflicting CPU frequency values detected: 2601.000000 != 1200.000000. Using: 2601.000000
Test integrity may be harmed !
 running on   16 nodes
 distr:  one band on    4 nodes,    4 groups
 vasp.5.2.11 18Jan11 complex 
 POSCAR found type information on POSCAR  Al Mg
 POSCAR found :  2 types and     107 ions
 scaLAPACK will be used
 WARNING: type information on POSCAR and POTCAR are incompatible
 POTCAR overwrites the type information in POSCAR
 typ   2 type information:  Mg Cu
 LDA part: xc-table for Pade appr. of Perdew
 POSCAR, INCAR and KPOINTS ok, starting setup
 FFT: planning ...(           1 )
 WAVECAR not read
 entering main loop
       N       E                     dE             d eps       ncg     rms          rms(c)
DAV:   1     0.905290009729E+04    0.90529E+04   -0.31876E+05 77760   0.143E+03
DAV:   2     0.131249583611E+04   -0.77404E+04   -0.70696E+04 77760   0.318E+02
DAV:   3     0.248983342282E+02   -0.12876E+04   -0.11361E+04 78784   0.140E+02
DAV:   4    -0.529300995461E+02   -0.77828E+02   -0.76174E+02 84016   0.423E+01
DAV:   5    -0.535462551397E+02   -0.61616E+00   -0.61528E+00 84216   0.402E+00    0.286E+02
DAV:   6     0.515337412781E+03    0.56888E+03   -0.20874E+03 92644   0.132E+02    0.114E+02
DAV:   7     0.207531998857E+03   -0.30781E+03   -0.11202E+03 94216   0.884E+01    0.636E+01
DAV:   8    -0.281561880896E+03   -0.48909E+03   -0.15319E+02 95100   0.423E+01    0.586E+01
DAV:   9    -0.314849938819E+03   -0.33288E+02   -0.66080E+01 94536   0.429E+01    0.405E+01
DAV:  10    -0.457366092206E+03   -0.14252E+03   -0.35794E+02 91228   0.617E+01    0.580E+01
DAV:  11    -0.410367573436E+03    0.46999E+02   -0.71396E+01 94296   0.340E+01    0.268E+01
DAV:  12    -0.401089128872E+03    0.92784E+01   -0.20732E+01 97552   0.119E+01    0.129E+01
DAV:  13    -0.398582702860E+03    0.25064E+01   -0.44568E+00 95320   0.806E+00    0.530E+00
DAV:  14    -0.398298098385E+03    0.28460E+00   -0.39253E+00 95256   0.633E+00    0.180E+00
DAV:  15    -0.398317191601E+03   -0.19093E-01   -0.59665E-01 81492   0.231E+00    0.753E-01
DAV:  16    -0.398313964132E+03    0.32275E-02   -0.43029E-02 85296   0.122E+00    0.481E-01
DAV:  17    -0.398311570962E+03    0.23932E-02   -0.11375E-02 87096   0.622E-01    0.260E-01
DAV:  18    -0.398312610621E+03   -0.10397E-02   -0.10519E-02 92144   0.300E-01    0.194E-01
DAV:  19    -0.398312247216E+03    0.36341E-03   -0.21129E-03 81576   0.243E-01    0.109E-01
DAV:  20    -0.398312087535E+03    0.15968E-03   -0.69689E-04 84312   0.146E-01    0.323E-02
DAV:  21    -0.398312093492E+03   -0.59578E-05   -0.27775E-04 56512   0.542E-02
   1 F= -.39831209E+03 E0= -.39831209E+03  d E =0.000000E+00  mag=    -0.0026
