 running on   16 nodes
 distr:  one band on    4 nodes,    4 groups
 vasp.5.2.11 18Jan11 complex 
 POSCAR found type information on POSCAR  Al Mg
 POSCAR found :  2 types and     107 ions
 scaLAPACK will be used
 WARNING: type information on POSCAR and POTCAR are incompatible
 POTCAR overwrites the type information in POSCAR
 typ   2 type information:  Mg Cu
 LDA part: xc-table for Pade appr. of Perdew
 POSCAR, INCAR and KPOINTS ok, starting setup
 FFT: planning ...(           1 )
 WAVECAR not read
 entering main loop
       N       E                     dE             d eps       ncg     rms          rms(c)
DAV:   1     0.905531108956E+04    0.90553E+04   -0.31917E+05 46656   0.144E+03
DAV:   2     0.131482629044E+04   -0.77405E+04   -0.70682E+04 46656   0.319E+02
DAV:   3     0.256762259417E+02   -0.12892E+04   -0.11374E+04 47232   0.140E+02
DAV:   4    -0.520490821278E+02   -0.77725E+02   -0.76087E+02 50440   0.423E+01
DAV:   5    -0.526327538450E+02   -0.58367E+00   -0.58293E+00 50408   0.398E+00    0.286E+02
DAV:   6     0.518242806390E+03    0.57088E+03   -0.20924E+03 55608   0.132E+02    0.114E+02
DAV:   7     0.207939434624E+03   -0.31030E+03   -0.11259E+03 56556   0.879E+01    0.636E+01
DAV:   8    -0.283428093976E+03   -0.49137E+03   -0.14915E+02 57004   0.402E+01    0.584E+01
DAV:   9    -0.316937249010E+03   -0.33509E+02   -0.66370E+01 56924   0.418E+01    0.400E+01
DAV:  10    -0.460598019855E+03   -0.14366E+03   -0.37201E+02 54608   0.627E+01    0.600E+01
DAV:  11    -0.410609325560E+03    0.49989E+02   -0.75404E+01 56644   0.350E+01    0.273E+01
DAV:  12    -0.401151485163E+03    0.94578E+01   -0.22139E+01 58456   0.121E+01    0.131E+01
DAV:  13    -0.398686100056E+03    0.24654E+01   -0.40383E+00 56900   0.753E+00    0.569E+00
DAV:  14    -0.398332528876E+03    0.35357E+00   -0.39970E+00 57160   0.624E+00    0.178E+00
DAV:  15    -0.398360042945E+03   -0.27514E-01   -0.56912E-01 48880   0.225E+00    0.963E-01
DAV:  16    -0.398351947846E+03    0.80951E-02   -0.62583E-02 52072   0.133E+00    0.584E-01
DAV:  17    -0.398348330951E+03    0.36169E-02   -0.20558E-02 55512   0.734E-01    0.225E-01
DAV:  18    -0.398349974723E+03   -0.16438E-02   -0.12603E-02 50088   0.298E-01    0.211E-01
DAV:  19    -0.398349609431E+03    0.36529E-03   -0.23660E-03 49992   0.245E-01    0.138E-01
DAV:  20    -0.398349260809E+03    0.34862E-03   -0.73651E-04 51224   0.146E-01    0.385E-02
DAV:  21    -0.398349290950E+03   -0.30141E-04   -0.37028E-04 38040   0.625E-02
   1 F= -.39834929E+03 E0= -.39834929E+03  d E =0.000000E+00  mag=    -0.0055
