 running on   16 nodes
 distr:  one band on    4 nodes,    4 groups
 vasp.5.2.11 18Jan11 complex 
 POSCAR found type information on POSCAR  Al Mg
 POSCAR found :  2 types and     107 ions
 scaLAPACK will be used
 WARNING: type information on POSCAR and POTCAR are incompatible
 POTCAR overwrites the type information in POSCAR
 typ   2 type information:  Mg Cu
 LDA part: xc-table for Pade appr. of Perdew
 POSCAR, INCAR and KPOINTS ok, starting setup
 FFT: planning ...(           1 )
 WAVECAR not read
 entering main loop
       N       E                     dE             d eps       ncg     rms          rms(c)
DAV:   1     0.905460315699E+04    0.90546E+04   -0.31875E+05124416   0.143E+03
DAV:   2     0.131432325113E+04   -0.77403E+04   -0.70694E+04124416   0.318E+02
DAV:   3     0.264702882535E+02   -0.12879E+04   -0.11365E+04126144   0.140E+02
DAV:   4    -0.513961340651E+02   -0.77866E+02   -0.76206E+02134440   0.423E+01
DAV:   5    -0.520095372994E+02   -0.61340E+00   -0.61268E+00134360   0.402E+00    0.286E+02
DAV:   6     0.519280461492E+03    0.57129E+03   -0.20904E+03148000   0.132E+02    0.114E+02
DAV:   7     0.209979856462E+03   -0.30930E+03   -0.11265E+03150640   0.883E+01    0.635E+01
DAV:   8    -0.277488936242E+03   -0.48747E+03   -0.15088E+02152512   0.408E+01    0.581E+01
DAV:   9    -0.314292638608E+03   -0.36804E+02   -0.66149E+01151564   0.418E+01    0.401E+01
DAV:  10    -0.461503808312E+03   -0.14721E+03   -0.38471E+02145464   0.627E+01    0.608E+01
DAV:  11    -0.409253864323E+03    0.52250E+02   -0.77685E+01150664   0.349E+01    0.267E+01
DAV:  12    -0.398959496205E+03    0.10294E+02   -0.28429E+01155032   0.142E+01    0.934E+00
DAV:  13    -0.397673738774E+03    0.12858E+01   -0.39644E+00152376   0.742E+00    0.299E+00
DAV:  14    -0.397695921453E+03   -0.22183E-01   -0.23077E+00150776   0.512E+00    0.227E+00
DAV:  15    -0.397677149392E+03    0.18772E-01   -0.51442E-01131584   0.239E+00    0.103E+00
DAV:  16    -0.397665980013E+03    0.11169E-01   -0.75748E-02138944   0.145E+00    0.541E-01
DAV:  17    -0.397664857976E+03    0.11220E-02   -0.30210E-02148480   0.757E-01    0.262E-01
DAV:  18    -0.397665820706E+03   -0.96273E-03   -0.11934E-02131152   0.280E-01    0.231E-01
DAV:  19    -0.397665327155E+03    0.49355E-03   -0.26212E-03139808   0.269E-01    0.141E-01
DAV:  20    -0.397665051909E+03    0.27525E-03   -0.68235E-04133440   0.153E-01    0.445E-02
DAV:  21    -0.397665090226E+03   -0.38318E-04   -0.55014E-04109264   0.743E-02
   1 F= -.39766509E+03 E0= -.39766509E+03  d E =0.000000E+00  mag=    -0.0017
