Conflicting CPU frequency values detected: 1200.000000 != 2601.000000. Using: 2601.000000
Test integrity may be harmed !
Conflicting CPU frequency values detected: 2601.000000 != 1200.000000. Using: 2601.000000
Test integrity may be harmed !
Conflicting CPU frequency values detected: 2601.000000 != 1200.000000. Using: 2601.000000
Test integrity may be harmed !
Conflicting CPU frequency values detected: 2601.000000 != 1200.000000. Using: 2601.000000
Test integrity may be harmed !
Conflicting CPU frequency values detected: 2601.000000 != 1200.000000. Using: 2601.000000
Test integrity may be harmed !
Conflicting CPU frequency values detected: 2601.000000 != 1200.000000. Using: 2601.000000
Test integrity may be harmed !
Conflicting CPU frequency values detected: 2601.000000 != 1200.000000. Using: 2601.000000
Test integrity may be harmed !
Conflicting CPU frequency values detected: 2601.000000 != 1200.000000. Using: 2601.000000
Test integrity may be harmed !
Conflicting CPU frequency values detected: 2601.000000 != 1200.000000. Using: 2601.000000
Test integrity may be harmed !
Conflicting CPU frequency values detected: 2601.000000 != 1200.000000. Using: 2601.000000
Test integrity may be harmed !
Conflicting CPU frequency values detected: 1200.000000 != 2601.000000. Using: 2601.000000
Test integrity may be harmed !
Conflicting CPU frequency values detected: 2601.000000 != 1200.000000. Using: 2601.000000
Test integrity may be harmed !
Conflicting CPU frequency values detected: 2601.000000 != 1200.000000. Using: 2601.000000
Test integrity may be harmed !
Conflicting CPU frequency values detected: 2601.000000 != 1200.000000. Using: 2601.000000
Test integrity may be harmed !
Conflicting CPU frequency values detected: 2601.000000 != 1200.000000. Using: 2601.000000
Test integrity may be harmed !
Conflicting CPU frequency values detected: 2601.000000 != 1200.000000. Using: 2601.000000
Test integrity may be harmed !
Conflicting CPU frequency values detected: 2601.000000 != 1200.000000. Using: 2601.000000
Test integrity may be harmed !
Conflicting CPU frequency values detected: 2601.000000 != 1200.000000. Using: 2601.000000
Test integrity may be harmed !
Conflicting CPU frequency values detected: 2601.000000 != 1200.000000. Using: 2601.000000
Test integrity may be harmed !
Conflicting CPU frequency values detected: 2601.000000 != 1200.000000. Using: 2601.000000
Test integrity may be harmed !
Conflicting CPU frequency values detected: 1200.000000 != 2601.000000. Using: 2601.000000
Test integrity may be harmed !
Conflicting CPU frequency values detected: 2601.000000 != 1200.000000. Using: 2601.000000
Test integrity may be harmed !
Conflicting CPU frequency values detected: 2601.000000 != 1200.000000. Using: 2601.000000
Test integrity may be harmed !
Conflicting CPU frequency values detected: 2601.000000 != 1200.000000. Using: 2601.000000
Test integrity may be harmed !
Conflicting CPU frequency values detected: 2601.000000 != 1200.000000. Using: 2601.000000
Test integrity may be harmed !
Conflicting CPU frequency values detected: 2601.000000 != 1200.000000. Using: 2601.000000
Test integrity may be harmed !
Conflicting CPU frequency values detected: 2601.000000 != 1200.000000. Using: 2601.000000
Test integrity may be harmed !
Conflicting CPU frequency values detected: 2601.000000 != 1200.000000. Using: 2601.000000
Test integrity may be harmed !
Conflicting CPU frequency values detected: 2601.000000 != 1200.000000. Using: 2601.000000
Test integrity may be harmed !
Conflicting CPU frequency values detected: 2601.000000 != 1200.000000. Using: 2601.000000
Test integrity may be harmed !
Conflicting CPU frequency values detected: 1200.000000 != 2601.000000. Using: 2601.000000
Test integrity may be harmed !
Conflicting CPU frequency values detected: 2601.000000 != 1200.000000. Using: 2601.000000
Test integrity may be harmed !
Conflicting CPU frequency values detected: 2601.000000 != 1200.000000. Using: 2601.000000
Test integrity may be harmed !
Conflicting CPU frequency values detected: 2601.000000 != 1200.000000. Using: 2601.000000
Test integrity may be harmed !
Conflicting CPU frequency values detected: 2601.000000 != 1200.000000. Using: 2601.000000
Test integrity may be harmed !
Conflicting CPU frequency values detected: 2601.000000 != 1200.000000. Using: 2601.000000
Test integrity may be harmed !
Conflicting CPU frequency values detected: 2601.000000 != 1200.000000. Using: 2601.000000
Test integrity may be harmed !
Conflicting CPU frequency values detected: 2601.000000 != 1200.000000. Using: 2601.000000
Test integrity may be harmed !
Conflicting CPU frequency values detected: 2601.000000 != 1200.000000. Using: 2601.000000
Test integrity may be harmed !
Conflicting CPU frequency values detected: 2601.000000 != 1200.000000. Using: 2601.000000
Test integrity may be harmed !
Conflicting CPU frequency values detected: 2601.000000 != 1200.000000. Using: 2601.000000
Test integrity may be harmed !
Conflicting CPU frequency values detected: 1200.000000 != 2601.000000. Using: 2601.000000
Test integrity may be harmed !
Conflicting CPU frequency values detected: 2601.000000 != 1200.000000. Using: 2601.000000
Test integrity may be harmed !
Conflicting CPU frequency values detected: 2601.000000 != 1200.000000. Using: 2601.000000
Test integrity may be harmed !
Conflicting CPU frequency values detected: 2601.000000 != 1200.000000. Using: 2601.000000
Test integrity may be harmed !
Conflicting CPU frequency values detected: 2601.000000 != 1200.000000. Using: 2601.000000
Test integrity may be harmed !
Conflicting CPU frequency values detected: 2601.000000 != 1200.000000. Using: 2601.000000
Test integrity may be harmed !
Conflicting CPU frequency values detected: 2601.000000 != 1200.000000. Using: 2601.000000
Test integrity may be harmed !
Conflicting CPU frequency values detected: 2601.000000 != 1200.000000. Using: 2601.000000
Test integrity may be harmed !
Conflicting CPU frequency values detected: 2601.000000 != 1200.000000. Using: 2601.000000
Test integrity may be harmed !
Conflicting CPU frequency values detected: 2601.000000 != 1200.000000. Using: 2601.000000
Test integrity may be harmed !
Conflicting CPU frequency values detected: 2601.000000 != 1200.000000. Using: 2601.000000
Test integrity may be harmed !
Conflicting CPU frequency values detected: 2601.000000 != 1200.000000. Using: 2601.000000
Test integrity may be harmed !
Conflicting CPU frequency values detected: 2601.000000 != 1200.000000. Using: 2601.000000
Test integrity may be harmed !
Conflicting CPU frequency values detected: 2601.000000 != 1200.000000. Using: 2601.000000
Test integrity may be harmed !
Conflicting CPU frequency values detected: 2601.000000 != 1200.000000. Using: 2601.000000
Test integrity may be harmed !
Conflicting CPU frequency values detected: 2601.000000 != 1200.000000. Using: 2601.000000
Test integrity may be harmed !
Conflicting CPU frequency values detected: 2601.000000 != 1200.000000. Using: 2601.000000
Test integrity may be harmed !
Conflicting CPU frequency values detected: 2601.000000 != 1200.000000. Using: 2601.000000
Test integrity may be harmed !
Conflicting CPU frequency values detected: 2601.000000 != 1200.000000. Using: 2601.000000
Test integrity may be harmed !
Conflicting CPU frequency values detected: 2601.000000 != 1200.000000. Using: 2601.000000
Test integrity may be harmed !
Conflicting CPU frequency values detected: 2601.000000 != 1200.000000. Using: 2601.000000
Test integrity may be harmed !
Conflicting CPU frequency values detected: 2601.000000 != 1400.000000. Using: 2601.000000
Test integrity may be harmed !
Conflicting CPU frequency values detected: 2601.000000 != 1200.000000. Using: 2601.000000
Test integrity may be harmed !
Conflicting CPU frequency values detected: 2601.000000 != 1200.000000. Using: 2601.000000
Test integrity may be harmed !
Conflicting CPU frequency values detected: 2601.000000 != 1200.000000. Using: 2601.000000
Test integrity may be harmed !
Conflicting CPU frequency values detected: 2601.000000 != 1200.000000. Using: 2601.000000
Test integrity may be harmed !
Conflicting CPU frequency values detected: 2601.000000 != 1200.000000. Using: 2601.000000
Test integrity may be harmed !
Conflicting CPU frequency values detected: 2601.000000 != 1200.000000. Using: 2601.000000
Test integrity may be harmed !
Conflicting CPU frequency values detected: 2601.000000 != 1200.000000. Using: 2601.000000
Test integrity may be harmed !
Conflicting CPU frequency values detected: 2601.000000 != 1200.000000. Using: 2601.000000
Test integrity may be harmed !
Conflicting CPU frequency values detected: 2601.000000 != 1200.000000. Using: 2601.000000
Test integrity may be harmed !
Conflicting CPU frequency values detected: 2601.000000 != 1200.000000. Using: 2601.000000
Test integrity may be harmed !
Conflicting CPU frequency values detected: 2601.000000 != 1400.000000. Using: 2601.000000
Test integrity may be harmed !
Conflicting CPU frequency values detected: 2601.000000 != 1200.000000. Using: 2601.000000
Test integrity may be harmed !
Conflicting CPU frequency values detected: 2601.000000 != 1200.000000. Using: 2601.000000
Test integrity may be harmed !
Conflicting CPU frequency values detected: 2601.000000 != 1200.000000. Using: 2601.000000
Test integrity may be harmed !
Conflicting CPU frequency values detected: 2601.000000 != 1200.000000. Using: 2601.000000
Test integrity may be harmed !
Conflicting CPU frequency values detected: 2601.000000 != 1200.000000. Using: 2601.000000
Test integrity may be harmed !
Conflicting CPU frequency values detected: 2601.000000 != 1200.000000. Using: 2601.000000
Test integrity may be harmed !
Conflicting CPU frequency values detected: 2601.000000 != 1200.000000. Using: 2601.000000
Test integrity may be harmed !
Conflicting CPU frequency values detected: 2601.000000 != 1200.000000. Using: 2601.000000
Test integrity may be harmed !
Conflicting CPU frequency values detected: 2601.000000 != 1200.000000. Using: 2601.000000
Test integrity may be harmed !
Conflicting CPU frequency values detected: 2601.000000 != 1200.000000. Using: 2601.000000
Test integrity may be harmed !
Conflicting CPU frequency values detected: 2601.000000 != 1400.000000. Using: 2601.000000
Test integrity may be harmed !
Conflicting CPU frequency values detected: 2601.000000 != 1200.000000. Using: 2601.000000
Test integrity may be harmed !
Conflicting CPU frequency values detected: 2601.000000 != 1200.000000. Using: 2601.000000
Test integrity may be harmed !
Conflicting CPU frequency values detected: 2601.000000 != 1200.000000. Using: 2601.000000
Test integrity may be harmed !
Conflicting CPU frequency values detected: 2601.000000 != 1200.000000. Using: 2601.000000
Test integrity may be harmed !
Conflicting CPU frequency values detected: 2601.000000 != 1200.000000. Using: 2601.000000
Test integrity may be harmed !
Conflicting CPU frequency values detected: 2601.000000 != 1200.000000. Using: 2601.000000
Test integrity may be harmed !
Conflicting CPU frequency values detected: 2601.000000 != 1200.000000. Using: 2601.000000
Test integrity may be harmed !
Conflicting CPU frequency values detected: 2601.000000 != 1200.000000. Using: 2601.000000
Test integrity may be harmed !
Conflicting CPU frequency values detected: 2601.000000 != 1200.000000. Using: 2601.000000
Test integrity may be harmed !
Conflicting CPU frequency values detected: 2601.000000 != 1200.000000. Using: 2601.000000
Test integrity may be harmed !
Conflicting CPU frequency values detected: 2601.000000 != 1400.000000. Using: 2601.000000
Test integrity may be harmed !
Conflicting CPU frequency values detected: 2601.000000 != 1200.000000. Using: 2601.000000
Test integrity may be harmed !
Conflicting CPU frequency values detected: 2601.000000 != 1200.000000. Using: 2601.000000
Test integrity may be harmed !
Conflicting CPU frequency values detected: 2601.000000 != 1200.000000. Using: 2601.000000
Test integrity may be harmed !
Conflicting CPU frequency values detected: 2601.000000 != 1200.000000. Using: 2601.000000
Test integrity may be harmed !
Conflicting CPU frequency values detected: 2601.000000 != 1200.000000. Using: 2601.000000
Test integrity may be harmed !
Conflicting CPU frequency values detected: 2601.000000 != 1200.000000. Using: 2601.000000
Test integrity may be harmed !
Conflicting CPU frequency values detected: 2601.000000 != 1200.000000. Using: 2601.000000
Test integrity may be harmed !
Conflicting CPU frequency values detected: 2601.000000 != 1200.000000. Using: 2601.000000
Test integrity may be harmed !
Conflicting CPU frequency values detected: 2601.000000 != 1200.000000. Using: 2601.000000
Test integrity may be harmed !
Conflicting CPU frequency values detected: 2601.000000 != 1200.000000. Using: 2601.000000
Test integrity may be harmed !
Conflicting CPU frequency values detected: 2601.000000 != 1400.000000. Using: 2601.000000
Test integrity may be harmed !
Conflicting CPU frequency values detected: 2601.000000 != 1200.000000. Using: 2601.000000
Test integrity may be harmed !
Conflicting CPU frequency values detected: 2601.000000 != 1200.000000. Using: 2601.000000
Test integrity may be harmed !
 running on   16 nodes
 distr:  one band on    4 nodes,    4 groups
 vasp.5.2.11 18Jan11 complex 
 POSCAR found type information on POSCAR  Al Mg
 POSCAR found :  2 types and     107 ions
 scaLAPACK will be used
 WARNING: type information on POSCAR and POTCAR are incompatible
 POTCAR overwrites the type information in POSCAR
 typ   2 type information:  Mg Cu
 LDA part: xc-table for Pade appr. of Perdew
 POSCAR, INCAR and KPOINTS ok, starting setup
 FFT: planning ...(           1 )
 WAVECAR not read
 entering main loop
       N       E                     dE             d eps       ncg     rms          rms(c)
DAV:   1     0.905384681524E+04    0.90538E+04   -0.31882E+05 46656   0.143E+03
DAV:   2     0.131334469396E+04   -0.77405E+04   -0.70692E+04 46656   0.318E+02
DAV:   3     0.249859215624E+02   -0.12884E+04   -0.11365E+04 47304   0.140E+02
DAV:   4    -0.529546583107E+02   -0.77941E+02   -0.76281E+02 50448   0.423E+01
DAV:   5    -0.535723085449E+02   -0.61765E+00   -0.61680E+00 50424   0.402E+00    0.286E+02
DAV:   6     0.515500302816E+03    0.56907E+03   -0.20876E+03 55644   0.132E+02    0.114E+02
DAV:   7     0.207624993343E+03   -0.30788E+03   -0.11180E+03 56556   0.886E+01    0.637E+01
DAV:   8    -0.282314751628E+03   -0.48994E+03   -0.15583E+02 57156   0.429E+01    0.588E+01
DAV:   9    -0.314294540362E+03   -0.31980E+02   -0.66068E+01 56904   0.432E+01    0.407E+01
DAV:  10    -0.456742741820E+03   -0.14245E+03   -0.35353E+02 54820   0.615E+01    0.574E+01
DAV:  11    -0.410458983016E+03    0.46284E+02   -0.70812E+01 56620   0.337E+01    0.268E+01
DAV:  12    -0.401192405769E+03    0.92666E+01   -0.20138E+01 58376   0.118E+01    0.131E+01
DAV:  13    -0.398574566140E+03    0.26178E+01   -0.46433E+00 57192   0.830E+00    0.526E+00
DAV:  14    -0.398315884488E+03    0.25868E+00   -0.40959E+00 57160   0.651E+00    0.190E+00
DAV:  15    -0.398322992114E+03   -0.71076E-02   -0.59901E-01 48936   0.231E+00    0.710E-01
DAV:  16    -0.398320770406E+03    0.22217E-02   -0.39373E-02 51088   0.118E+00    0.479E-01
DAV:  17    -0.398318228061E+03    0.25423E-02   -0.10516E-02 52072   0.628E-01    0.272E-01
DAV:  18    -0.398318890835E+03   -0.66277E-03   -0.98570E-03 56472   0.295E-01    0.181E-01
DAV:  19    -0.398318552310E+03    0.33853E-03   -0.18868E-03 48912   0.227E-01    0.951E-02
DAV:  20    -0.398318450313E+03    0.10200E-03   -0.61008E-04 50104   0.138E-01    0.307E-02
DAV:  21    -0.398318451735E+03   -0.14218E-05   -0.23480E-04 32624   0.490E-02
   1 F= -.39831845E+03 E0= -.39831845E+03  d E =0.000000E+00  mag=    -0.0022
