 running on   16 nodes
 distr:  one band on    4 nodes,    4 groups
 vasp.5.2.11 18Jan11 complex 
 POSCAR found type information on POSCAR  Al Mg
 POSCAR found :  2 types and     107 ions
 scaLAPACK will be used
 WARNING: type information on POSCAR and POTCAR are incompatible
 POTCAR overwrites the type information in POSCAR
 typ   2 type information:  Mg Cu
 LDA part: xc-table for Pade appr. of Perdew
 POSCAR, INCAR and KPOINTS ok, starting setup
 FFT: planning ...(           1 )
 WAVECAR not read
 entering main loop
       N       E                     dE             d eps       ncg     rms          rms(c)
DAV:   1     0.905447283171E+04    0.90545E+04   -0.31876E+05124416   0.143E+03
DAV:   2     0.131415504849E+04   -0.77403E+04   -0.70696E+04124416   0.318E+02
DAV:   3     0.266989391296E+02   -0.12875E+04   -0.11362E+04126072   0.140E+02
DAV:   4    -0.511619881164E+02   -0.77861E+02   -0.76192E+02134272   0.423E+01
