 running on   16 nodes
 distr:  one band on    4 nodes,    4 groups
 vasp.5.2.11 18Jan11 complex 
 POSCAR found type information on POSCAR  Al Mg
 POSCAR found :  2 types and     107 ions
 scaLAPACK will be used
 WARNING: type information on POSCAR and POTCAR are incompatible
 POTCAR overwrites the type information in POSCAR
 typ   2 type information:  Mg Cu
 LDA part: xc-table for Pade appr. of Perdew
 POSCAR, INCAR and KPOINTS ok, starting setup
 FFT: planning ...(           1 )
 WAVECAR not read
 WARNING: random wavefunctions but no delay for mixing, default for NELMDL
 entering main loop
       N       E                     dE             d eps       ncg     rms          rms(c)
DAV:   1     0.905447283171E+04    0.90545E+04   -0.31876E+05124416   0.143E+03
DAV:   2     0.131415504849E+04   -0.77403E+04   -0.70696E+04124416   0.318E+02
DAV:   3     0.266989391292E+02   -0.12875E+04   -0.11362E+04126072   0.140E+02
DAV:   4    -0.511619881168E+02   -0.77861E+02   -0.76192E+02134272   0.423E+01
DAV:   5    -0.517774407160E+02   -0.61545E+00   -0.61476E+00134512   0.402E+00    0.286E+02
DAV:   6     0.519427628534E+03    0.57121E+03   -0.20896E+03148048   0.132E+02    0.114E+02
DAV:   7     0.210408779915E+03   -0.30902E+03   -0.11263E+03150744   0.884E+01    0.636E+01
DAV:   8    -0.277931552650E+03   -0.48834E+03   -0.15232E+02152772   0.410E+01    0.582E+01
DAV:   9    -0.314347826907E+03   -0.36416E+02   -0.67063E+01152336   0.426E+01    0.401E+01
DAV:  10    -0.460216924924E+03   -0.14587E+03   -0.37415E+02145656   0.623E+01    0.599E+01
DAV:  11    -0.409438815389E+03    0.50778E+02   -0.76263E+01150988   0.347E+01    0.268E+01
DAV:  12    -0.399359386533E+03    0.10079E+02   -0.25613E+01155976   0.135E+01    0.106E+01
DAV:  13    -0.397648541099E+03    0.17108E+01   -0.45161E+00152316   0.796E+00    0.340E+00
DAV:  14    -0.397690757536E+03   -0.42216E-01   -0.30839E+00151336   0.556E+00    0.252E+00
DAV:  15    -0.397639375985E+03    0.51382E-01   -0.51245E-01131496   0.241E+00    0.859E-01
DAV:  16    -0.397633888390E+03    0.54876E-02   -0.66403E-02138064   0.140E+00    0.502E-01
DAV:  17    -0.397632623351E+03    0.12650E-02   -0.24571E-02143432   0.778E-01    0.216E-01
DAV:  18    -0.397634017483E+03   -0.13941E-02   -0.11532E-02131360   0.277E-01    0.230E-01
DAV:  19    -0.397633450209E+03    0.56727E-03   -0.20932E-03136592   0.241E-01    0.138E-01
DAV:  20    -0.397633191678E+03    0.25853E-03   -0.80482E-04130344   0.145E-01    0.367E-02
DAV:  21    -0.397633234723E+03   -0.43045E-04   -0.50242E-04109200   0.674E-02
   1 F= -.39763323E+03 E0= -.39763323E+03  d E =0.000000E+00  mag=    -0.0002
