 running on   16 nodes
 distr:  one band on    4 nodes,    4 groups
 vasp.5.2.11 18Jan11 complex 
 POSCAR found type information on POSCAR  Al Mg
 POSCAR found :  2 types and     107 ions
 scaLAPACK will be used
 WARNING: type information on POSCAR and POTCAR are incompatible
 POTCAR overwrites the type information in POSCAR
 typ   2 type information:  Mg Cu
 LDA part: xc-table for Pade appr. of Perdew
 POSCAR, INCAR and KPOINTS ok, starting setup
 FFT: planning ...(           1 )
 WAVECAR not read
 entering main loop
       N       E                     dE             d eps       ncg     rms          rms(c)
DAV:   1     0.905731533109E+04    0.90573E+04   -0.31916E+05124440   0.144E+03
DAV:   2     0.131683765881E+04   -0.77405E+04   -0.70691E+04124416   0.319E+02
DAV:   3     0.282180912155E+02   -0.12886E+04   -0.11372E+04126088   0.140E+02
DAV:   4    -0.495163767834E+02   -0.77734E+02   -0.76080E+02134368   0.423E+01
DAV:   5    -0.501011319635E+02   -0.58476E+00   -0.58395E+00134312   0.399E+00    0.286E+02
DAV:   6     0.519532795105E+03    0.56963E+03   -0.20871E+03147984   0.131E+02    0.114E+02
DAV:   7     0.209775677523E+03   -0.30976E+03   -0.11297E+03150764   0.873E+01    0.636E+01
DAV:   8    -0.280313403059E+03   -0.49009E+03   -0.14415E+02152532   0.374E+01    0.580E+01
DAV:   9    -0.319135658389E+03   -0.38822E+02   -0.69476E+01152784   0.414E+01    0.392E+01
DAV:  10    -0.466633720247E+03   -0.14750E+03   -0.40117E+02145968   0.639E+01    0.645E+01
DAV:  11    -0.410528558939E+03    0.56105E+02   -0.84653E+01147680   0.365E+01    0.285E+01
DAV:  12    -0.399465593645E+03    0.11063E+02   -0.29255E+01155344   0.146E+01    0.111E+01
DAV:  13    -0.397847249610E+03    0.16183E+01   -0.49976E+00150700   0.711E+00    0.382E+00
DAV:  14    -0.397735105589E+03    0.11214E+00   -0.16376E+00149000   0.427E+00    0.118E+00
DAV:  15    -0.397775625661E+03   -0.40520E-01   -0.38825E-01132692   0.206E+00    0.113E+00
DAV:  16    -0.397773359734E+03    0.22659E-02   -0.11447E-01133576   0.157E+00    0.882E-01
DAV:  17    -0.397762837308E+03    0.10522E-01   -0.39459E-02147136   0.891E-01    0.234E-01
DAV:  18    -0.397764549119E+03   -0.17118E-02   -0.11656E-02132992   0.261E-01    0.158E-01
DAV:  19    -0.397764098847E+03    0.45027E-03   -0.29242E-03140280   0.261E-01    0.175E-01
DAV:  20    -0.397763732425E+03    0.36642E-03   -0.30365E-04113816   0.125E-01    0.104E-01
DAV:  21    -0.397763405239E+03    0.32719E-03   -0.48953E-04116600   0.723E-02    0.182E-02
DAV:  22    -0.397763337775E+03    0.67464E-04   -0.84181E-05 69440   0.393E-02
   1 F= -.39776334E+03 E0= -.39776334E+03  d E =0.000000E+00  mag=     0.0016
