 running on   16 nodes
 distr:  one band on    4 nodes,    4 groups
 vasp.5.2.11 18Jan11 complex 
 POSCAR found type information on POSCAR  Al Mg
 POSCAR found :  2 types and     107 ions
 scaLAPACK will be used
 WARNING: type information on POSCAR and POTCAR are incompatible
 POTCAR overwrites the type information in POSCAR
 typ   2 type information:  Mg Cu
 LDA part: xc-table for Pade appr. of Perdew
 POSCAR, INCAR and KPOINTS ok, starting setup
 FFT: planning ...(           1 )
 WAVECAR not read
 entering main loop
       N       E                     dE             d eps       ncg     rms          rms(c)
DAV:   1     0.905488104582E+04    0.90549E+04   -0.31876E+05124416   0.143E+03
DAV:   2     0.131439755945E+04   -0.77405E+04   -0.70706E+04124416   0.318E+02
DAV:   3     0.266794292425E+02   -0.12877E+04   -0.11362E+04126072   0.140E+02
DAV:   4    -0.512062910654E+02   -0.77886E+02   -0.76226E+02134448   0.423E+01
DAV:   5    -0.518223614266E+02   -0.61607E+00   -0.61523E+00134392   0.402E+00    0.286E+02
DAV:   6     0.520204721600E+03    0.57203E+03   -0.20926E+03148080   0.132E+02    0.114E+02
DAV:   7     0.211239674147E+03   -0.30897E+03   -0.11258E+03150724   0.885E+01    0.635E+01
DAV:   8    -0.276291858824E+03   -0.48753E+03   -0.15258E+02152684   0.415E+01    0.582E+01
DAV:   9    -0.313753675661E+03   -0.37462E+02   -0.66797E+01151728   0.425E+01    0.403E+01
DAV:  10    -0.461517425769E+03   -0.14776E+03   -0.38347E+02145772   0.625E+01    0.607E+01
DAV:  11    -0.409401372410E+03    0.52116E+02   -0.77501E+01150932   0.346E+01    0.268E+01
DAV:  12    -0.399060631693E+03    0.10341E+02   -0.27292E+01155528   0.139E+01    0.982E+00
DAV:  13    -0.397624348205E+03    0.14363E+01   -0.43200E+00152332   0.770E+00    0.302E+00
DAV:  14    -0.397668695614E+03   -0.44347E-01   -0.25103E+00151104   0.536E+00    0.235E+00
DAV:  15    -0.397636415533E+03    0.32280E-01   -0.47664E-01131332   0.238E+00    0.931E-01
DAV:  16    -0.397628966333E+03    0.74492E-02   -0.77034E-02138456   0.146E+00    0.532E-01
DAV:  17    -0.397627253380E+03    0.17130E-02   -0.26330E-02145848   0.799E-01    0.230E-01
DAV:  18    -0.397628316384E+03   -0.10630E-02   -0.10911E-02131192   0.274E-01    0.212E-01
DAV:  19    -0.397627940103E+03    0.37628E-03   -0.22820E-03138248   0.253E-01    0.141E-01
DAV:  20    -0.397627659570E+03    0.28053E-03   -0.74114E-04132432   0.148E-01    0.365E-02
DAV:  21    -0.397627702539E+03   -0.42970E-04   -0.47895E-04107208   0.669E-02
   1 F= -.39762770E+03 E0= -.39762770E+03  d E =0.000000E+00  mag=     0.0020
