 running on   16 nodes
 distr:  one band on    4 nodes,    4 groups
 vasp.5.2.11 18Jan11 complex 
 POSCAR found type information on POSCAR  Al Mg
 POSCAR found :  2 types and     107 ions
 scaLAPACK will be used
 WARNING: type information on POSCAR and POTCAR are incompatible
 POTCAR overwrites the type information in POSCAR
 typ   2 type information:  Mg Cu
 LDA part: xc-table for Pade appr. of Perdew
 POSCAR, INCAR and KPOINTS ok, starting setup
 FFT: planning ...(           1 )
 WAVECAR not read
 entering main loop
       N       E                     dE             d eps       ncg     rms          rms(c)
DAV:   1     0.905584829368E+04    0.90558E+04   -0.31882E+05 46656   0.143E+03
DAV:   2     0.131436327976E+04   -0.77415E+04   -0.70708E+04 46656   0.318E+02
DAV:   3     0.259449323880E+02   -0.12884E+04   -0.11367E+04 47304   0.140E+02
DAV:   4    -0.519909972055E+02   -0.77936E+02   -0.76286E+02 50368   0.423E+01
DAV:   5    -0.526055649137E+02   -0.61457E+00   -0.61369E+00 50456   0.402E+00    0.286E+02
DAV:   6     0.518058052634E+03    0.57066E+03   -0.20903E+03 55668   0.132E+02    0.114E+02
DAV:   7     0.207788319142E+03   -0.31027E+03   -0.11247E+03 56512   0.879E+01    0.636E+01
DAV:   8    -0.282307095778E+03   -0.49010E+03   -0.14833E+02 57068   0.402E+01    0.583E+01
DAV:   9    -0.317296041077E+03   -0.34989E+02   -0.66835E+01 56916   0.420E+01    0.400E+01
DAV:  10    -0.460895029188E+03   -0.14360E+03   -0.37327E+02 54624   0.627E+01    0.602E+01
DAV:  11    -0.410606878333E+03    0.50288E+02   -0.75684E+01 56624   0.350E+01    0.273E+01
DAV:  12    -0.401129279746E+03    0.94776E+01   -0.22244E+01 58432   0.122E+01    0.131E+01
DAV:  13    -0.398684849448E+03    0.24444E+01   -0.40551E+00 56836   0.752E+00    0.568E+00
DAV:  14    -0.398331438787E+03    0.35341E+00   -0.39581E+00 57128   0.617E+00    0.176E+00
DAV:  15    -0.398360592147E+03   -0.29153E-01   -0.56280E-01 48860   0.224E+00    0.974E-01
DAV:  16    -0.398352402967E+03    0.81892E-02   -0.63578E-02 52064   0.134E+00    0.594E-01
DAV:  17    -0.398348522810E+03    0.38802E-02   -0.20593E-02 55704   0.728E-01    0.227E-01
DAV:  18    -0.398350221258E+03   -0.16984E-02   -0.12978E-02 50280   0.301E-01    0.214E-01
DAV:  19    -0.398349831517E+03    0.38974E-03   -0.24259E-03 49832   0.249E-01    0.141E-01
DAV:  20    -0.398349477250E+03    0.35427E-03   -0.75415E-04 51528   0.147E-01    0.386E-02
DAV:  21    -0.398349505015E+03   -0.27764E-04   -0.37666E-04 38168   0.633E-02
   1 F= -.39834951E+03 E0= -.39834951E+03  d E =0.000000E+00  mag=    -0.0035
