 running on   16 nodes
 distr:  one band on    4 nodes,    4 groups
 vasp.5.2.11 18Jan11 complex 
 POSCAR found type information on POSCAR  Al Mg
 POSCAR found :  2 types and     107 ions
 scaLAPACK will be used
 WARNING: type information on POSCAR and POTCAR are incompatible
 POTCAR overwrites the type information in POSCAR
 typ   2 type information:  Mg Cu
 LDA part: xc-table for Pade appr. of Perdew
 POSCAR, INCAR and KPOINTS ok, starting setup
 FFT: planning ...(           1 )
 WAVECAR not read
 entering main loop
       N       E                     dE             d eps       ncg     rms          rms(c)
DAV:   1     0.905460370421E+04    0.90546E+04   -0.31875E+05124416   0.143E+03
DAV:   2     0.131432314339E+04   -0.77403E+04   -0.70694E+04124416   0.318E+02
DAV:   3     0.264680008395E+02   -0.12879E+04   -0.11365E+04126136   0.140E+02
DAV:   4    -0.513968243911E+02   -0.77865E+02   -0.76205E+02134416   0.423E+01
DAV:   5    -0.520102043953E+02   -0.61338E+00   -0.61265E+00134376   0.402E+00    0.286E+02
DAV:   6     0.519272490250E+03    0.57128E+03   -0.20904E+03147992   0.132E+02    0.114E+02
DAV:   7     0.209982329916E+03   -0.30929E+03   -0.11264E+03150640   0.883E+01    0.635E+01
DAV:   8    -0.277490081375E+03   -0.48747E+03   -0.15088E+02152528   0.408E+01    0.581E+01
DAV:   9    -0.314287993851E+03   -0.36798E+02   -0.66146E+01151552   0.418E+01    0.401E+01
DAV:  10    -0.461509408870E+03   -0.14722E+03   -0.38476E+02145464   0.627E+01    0.608E+01
DAV:  11    -0.409253970935E+03    0.52255E+02   -0.77688E+01150688   0.349E+01    0.267E+01
DAV:  12    -0.398958803770E+03    0.10295E+02   -0.28437E+01155024   0.142E+01    0.934E+00
DAV:  13    -0.397673805115E+03    0.12850E+01   -0.39629E+00152368   0.742E+00    0.299E+00
DAV:  14    -0.397695828710E+03   -0.22024E-01   -0.23062E+00150776   0.512E+00    0.227E+00
DAV:  15    -0.397677124811E+03    0.18704E-01   -0.51473E-01131576   0.239E+00    0.103E+00
DAV:  16    -0.397665978188E+03    0.11147E-01   -0.75785E-02138944   0.145E+00    0.541E-01
DAV:  17    -0.397664855138E+03    0.11230E-02   -0.30194E-02148472   0.757E-01    0.261E-01
DAV:  18    -0.397665820751E+03   -0.96561E-03   -0.11945E-02131152   0.280E-01    0.231E-01
DAV:  19    -0.397665326993E+03    0.49376E-03   -0.26258E-03139808   0.269E-01    0.141E-01
DAV:  20    -0.397665051808E+03    0.27518E-03   -0.68323E-04133488   0.153E-01    0.445E-02
DAV:  21    -0.397665090177E+03   -0.38369E-04   -0.55048E-04109264   0.743E-02
   1 F= -.39766509E+03 E0= -.39766509E+03  d E =0.000000E+00  mag=    -0.0017
